1 1 
EEEEEEEEEEEESWWWWWWWWWWWWSEEEEEEEEEEEESWWWWWWWWWWWWSEEEEEEEEEEEESWWWWWWWWWWWWSEEEEEEEEEEEESWWWWWWWWWWWWSEEEEEEEEEEEESWWWWWWWWWWWWSEEEEEEEEEEEESWWWWWWWWWWWWSEEEEEEEEEEEE
17248 
1 1 
EEEEEEEEEESWWWWWWWWWWSEEEEEEEEEESWWWWWWWWWWSEEEEEEEEEESWWWWWWWWWWSEEEEEEEEEESWWWWWWWWWWSEEEEEEEEEESWWWWWWWWWWSEEEEEEEEEESWWWWWWWWWWSEEEEEEEEEESWWWWWWWWWW
15210 
1 1 
EEEEEEEEEEEESWWWWWWWWWWWWSEEEEEEEEEEEESWWWWWWWWWWWWSEEEEEEEEEEEESWWWWWWWWWWWWSEEEEEEEEEEEESWWWWWWWWWWWWSEEEEEEEEEEEESWWWWWWWWWWWWSEEEEEEEEEEEESWWWWWWWWWWWWSEEEEEEEEEEEE
16446 
1 1 
EEEESWWWWSEEEESWWWWSEEEESWWWWSEEEESWWWWSEEEESWWWWSEEEESWWWWSEEEESWWWWSEEEE
6096 
1 1 
EEEEESWWWWWSEEEEESWWWWWSEEEEESWWWWWSEEEEESWWWWWSEEEEESWWWWWSEEEEESWWWWW
6585 
