1 26 
EEEEEEEEEEEEEEEEEEEEEENWWWWWWWWWWWWWWWWWWWWWWNEEEEEEEEEEEEEEEEEEEEEENWWWWWWWWWWWWWWWWWWWWWWNEEEEEEEEEEEEEEEEEEEEEENWWWWWWWWWWWWWWWWWWWWWWNEEEEEEEEEEEEEEEEEEEEEENWWWWWWWWWWWWWWWWWWWWWWNEEEEEEEEEEEEEEEEEEEEEENWWWWWWWWWWWWWWWWWWWWWWNEEEEEEEEEEEEEEEEEEEEEENWWWWWWWWWWWWWWWWWWWWWWNEEEEEEEEEEEEEEEEEEEEEENWWWWWWWWWWWWWWWWWWWWWWNEEEEEEEEEEEEEEEEEEEEEENWWWWWWWWWWWWWWWWWWWWWWNEEEEEEEEEEEEEEEEEEEEEENWWWWWWWWWWWWWWWWWWWWWWNEEEEEEEEEEEEEEEEEEEEEENWWWWWWWWWWWWWWWWWWWWWWNEEEEEEEEEEEEEEEEEEEEEENWWWWWWWWWWWWWWWWWWWWWWNEEEEEEEEEEEEEEEEEEEEEENWWWWWWWWWWWWWWWWWWWWWWNEEEEEEEEEEEEEEEEEEEEEENWWWWWWWWWWWWWWWWWWWWWW
1772568 
1 30 
EEEEEEEEEEEEEEEEEEEEENWWWWWWWWWWWWWWWWWWWWWNEEEEEEEEEEEEEEEEEEEEENWWWWWWWWWWWWWWWWWWWWWNEEEEEEEEEEEEEEEEEEEEENWWWWWWWWWWWWWWWWWWWWWNEEEEEEEEEEEEEEEEEEEEENWWWWWWWWWWWWWWWWWWWWWNEEEEEEEEEEEEEEEEEEEEENWWWWWWWWWWWWWWWWWWWWWNEEEEEEEEEEEEEEEEEEEEENWWWWWWWWWWWWWWWWWWWWWNEEEEEEEEEEEEEEEEEEEEENWWWWWWWWWWWWWWWWWWWWWNEEEEEEEEEEEEEEEEEEEEENWWWWWWWWWWWWWWWWWWWWWNEEEEEEEEEEEEEEEEEEEEENWWWWWWWWWWWWWWWWWWWWWNEEEEEEEEEEEEEEEEEEEEENWWWWWWWWWWWWWWWWWWWWWNEEEEEEEEEEEEEEEEEEEEENWWWWWWWWWWWWWWWWWWWWWNEEEEEEEEEEEEEEEEEEEEENWWWWWWWWWWWWWWWWWWWWWNEEEEEEEEEEEEEEEEEEEEENWWWWWWWWWWWWWWWWWWWWWNEEEEEEEEEEEEEEEEEEEEENWWWWWWWWWWWWWWWWWWWWWNEEEEEEEEEEEEEEEEEEEEENWWWWWWWWWWWWWWWWWWWWW
1768576 
1 26 
EEEEEEEEEEEEEEEEEEEEEEEENWWWWWWWWWWWWWWWWWWWWWWWWNEEEEEEEEEEEEEEEEEEEEEEEENWWWWWWWWWWWWWWWWWWWWWWWWNEEEEEEEEEEEEEEEEEEEEEEEENWWWWWWWWWWWWWWWWWWWWWWWWNEEEEEEEEEEEEEEEEEEEEEEEENWWWWWWWWWWWWWWWWWWWWWWWWNEEEEEEEEEEEEEEEEEEEEEEEENWWWWWWWWWWWWWWWWWWWWWWWWNEEEEEEEEEEEEEEEEEEEEEEEENWWWWWWWWWWWWWWWWWWWWWWWWNEEEEEEEEEEEEEEEEEEEEEEEENWWWWWWWWWWWWWWWWWWWWWWWWNEEEEEEEEEEEEEEEEEEEEEEEENWWWWWWWWWWWWWWWWWWWWWWWWNEEEEEEEEEEEEEEEEEEEEEEEENWWWWWWWWWWWWWWWWWWWWWWWWNEEEEEEEEEEEEEEEEEEEEEEEENWWWWWWWWWWWWWWWWWWWWWWWWNEEEEEEEEEEEEEEEEEEEEEEEENWWWWWWWWWWWWWWWWWWWWWWWWNEEEEEEEEEEEEEEEEEEEEEEEENWWWWWWWWWWWWWWWWWWWWWWWWNEEEEEEEEEEEEEEEEEEEEEEEENWWWWWWWWWWWWWWWWWWWWWWWW
1916440 
1 27 
EEEEEEEEEEEEEEEEEEEENWWWWWWWWWWWWWWWWWWWWNEEEEEEEEEEEEEEEEEEEENWWWWWWWWWWWWWWWWWWWWNEEEEEEEEEEEEEEEEEEEENWWWWWWWWWWWWWWWWWWWWNEEEEEEEEEEEEEEEEEEEENWWWWWWWWWWWWWWWWWWWWNEEEEEEEEEEEEEEEEEEEENWWWWWWWWWWWWWWWWWWWWNEEEEEEEEEEEEEEEEEEEENWWWWWWWWWWWWWWWWWWWWNEEEEEEEEEEEEEEEEEEEENWWWWWWWWWWWWWWWWWWWWNEEEEEEEEEEEEEEEEEEEENWWWWWWWWWWWWWWWWWWWWNEEEEEEEEEEEEEEEEEEEENWWWWWWWWWWWWWWWWWWWWNEEEEEEEEEEEEEEEEEEEENWWWWWWWWWWWWWWWWWWWWNEEEEEEEEEEEEEEEEEEEENWWWWWWWWWWWWWWWWWWWWNEEEEEEEEEEEEEEEEEEEENWWWWWWWWWWWWWWWWWWWWNEEEEEEEEEEEEEEEEEEEENWWWWWWWWWWWWWWWWWWWWNEEEEEEEEEEEEEEEEEEEE
1940116 
1 22 
EEEEEEEEEEEEEEEEEEEEEEENWWWWWWWWWWWWWWWWWWWWWWWNEEEEEEEEEEEEEEEEEEEEEEENWWWWWWWWWWWWWWWWWWWWWWWNEEEEEEEEEEEEEEEEEEEEEEENWWWWWWWWWWWWWWWWWWWWWWWNEEEEEEEEEEEEEEEEEEEEEEENWWWWWWWWWWWWWWWWWWWWWWWNEEEEEEEEEEEEEEEEEEEEEEENWWWWWWWWWWWWWWWWWWWWWWWNEEEEEEEEEEEEEEEEEEEEEEENWWWWWWWWWWWWWWWWWWWWWWWNEEEEEEEEEEEEEEEEEEEEEEENWWWWWWWWWWWWWWWWWWWWWWWNEEEEEEEEEEEEEEEEEEEEEEENWWWWWWWWWWWWWWWWWWWWWWWNEEEEEEEEEEEEEEEEEEEEEEENWWWWWWWWWWWWWWWWWWWWWWWNEEEEEEEEEEEEEEEEEEEEEEENWWWWWWWWWWWWWWWWWWWWWWWNEEEEEEEEEEEEEEEEEEEEEEENWWWWWWWWWWWWWWWWWWWWWWW
1502064 
1 22 
EEEEEEEEEEEEEEEEEEEEENWWWWWWWWWWWWWWWWWWWWWNEEEEEEEEEEEEEEEEEEEEENWWWWWWWWWWWWWWWWWWWWWNEEEEEEEEEEEEEEEEEEEEENWWWWWWWWWWWWWWWWWWWWWNEEEEEEEEEEEEEEEEEEEEENWWWWWWWWWWWWWWWWWWWWWNEEEEEEEEEEEEEEEEEEEEENWWWWWWWWWWWWWWWWWWWWWNEEEEEEEEEEEEEEEEEEEEENWWWWWWWWWWWWWWWWWWWWWNEEEEEEEEEEEEEEEEEEEEENWWWWWWWWWWWWWWWWWWWWWNEEEEEEEEEEEEEEEEEEEEENWWWWWWWWWWWWWWWWWWWWWNEEEEEEEEEEEEEEEEEEEEENWWWWWWWWWWWWWWWWWWWWWNEEEEEEEEEEEEEEEEEEEEENWWWWWWWWWWWWWWWWWWWWWNEEEEEEEEEEEEEEEEEEEEENWWWWWWWWWWWWWWWWWWWWW
1720830 
