1 29 
EEEEEEEEENWWWWWWWWWNEEEEEEEEENWWWWWWWWWNEEEEEEEEENWWWWWWWWWNEEEEEEEEENWWWWWWWWWNEEEEEEEEENWWWWWWWWWNEEEEEEEEENWWWWWWWWWNEEEEEEEEENWWWWWWWWWNEEEEEEEEENWWWWWWWWWNEEEEEEEEENWWWWWWWWWNEEEEEEEEENWWWWWWWWWNEEEEEEEEENWWWWWWWWWNEEEEEEEEENWWWWWWWWWNEEEEEEEEENWWWWWWWWWNEEEEEEEEENWWWWWWWWWNEEEEEEEEE
400450 
1 2 
EEEEEEEEEEEEEEEEEENWWWWWWWWWWWWWWWWWW
37606 
1 20 
EEEEEEENWWWWWWWNEEEEEEENWWWWWWWNEEEEEEENWWWWWWWNEEEEEEENWWWWWWWNEEEEEEENWWWWWWWNEEEEEEENWWWWWWWNEEEEEEENWWWWWWWNEEEEEEENWWWWWWWNEEEEEEENWWWWWWWNEEEEEEENWWWWWWW
211512 
1 13 
EENWWNEENWWNEENWWNEENWWNEENWWNEENWWNEE
29538 
1 29 
EEEEEEEEEEEEEEEEEEENWWWWWWWWWWWWWWWWWWWNEEEEEEEEEEEEEEEEEEENWWWWWWWWWWWWWWWWWWWNEEEEEEEEEEEEEEEEEEENWWWWWWWWWWWWWWWWWWWNEEEEEEEEEEEEEEEEEEENWWWWWWWWWWWWWWWWWWWNEEEEEEEEEEEEEEEEEEENWWWWWWWWWWWWWWWWWWWNEEEEEEEEEEEEEEEEEEENWWWWWWWWWWWWWWWWWWWNEEEEEEEEEEEEEEEEEEENWWWWWWWWWWWWWWWWWWWNEEEEEEEEEEEEEEEEEEENWWWWWWWWWWWWWWWWWWWNEEEEEEEEEEEEEEEEEEENWWWWWWWWWWWWWWWWWWWNEEEEEEEEEEEEEEEEEEENWWWWWWWWWWWWWWWWWWWNEEEEEEEEEEEEEEEEEEENWWWWWWWWWWWWWWWWWWWNEEEEEEEEEEEEEEEEEEENWWWWWWWWWWWWWWWWWWWNEEEEEEEEEEEEEEEEEEENWWWWWWWWWWWWWWWWWWWNEEEEEEEEEEEEEEEEEEENWWWWWWWWWWWWWWWWWWWNEEEEEEEEEEEEEEEEEEE
839479 
1 25 
EEEEEEEEEEEEEEEEEEEEEEEEENWWWWWWWWWWWWWWWWWWWWWWWWWNEEEEEEEEEEEEEEEEEEEEEEEEENWWWWWWWWWWWWWWWWWWWWWWWWWNEEEEEEEEEEEEEEEEEEEEEEEEENWWWWWWWWWWWWWWWWWWWWWWWWWNEEEEEEEEEEEEEEEEEEEEEEEEENWWWWWWWWWWWWWWWWWWWWWWWWWNEEEEEEEEEEEEEEEEEEEEEEEEENWWWWWWWWWWWWWWWWWWWWWWWWWNEEEEEEEEEEEEEEEEEEEEEEEEENWWWWWWWWWWWWWWWWWWWWWWWWWNEEEEEEEEEEEEEEEEEEEEEEEEENWWWWWWWWWWWWWWWWWWWWWWWWWNEEEEEEEEEEEEEEEEEEEEEEEEENWWWWWWWWWWWWWWWWWWWWWWWWWNEEEEEEEEEEEEEEEEEEEEEEEEENWWWWWWWWWWWWWWWWWWWWWWWWWNEEEEEEEEEEEEEEEEEEEEEEEEENWWWWWWWWWWWWWWWWWWWWWWWWWNEEEEEEEEEEEEEEEEEEEEEEEEENWWWWWWWWWWWWWWWWWWWWWWWWWNEEEEEEEEEEEEEEEEEEEEEEEEENWWWWWWWWWWWWWWWWWWWWWWWWWNEEEEEEEEEEEEEEEEEEEEEEEEE
934834 
1 7 
EEEEEEEEEEEEEEEEEEEEEEEENWWWWWWWWWWWWWWWWWWWWWWWWNEEEEEEEEEEEEEEEEEEEEEEEENWWWWWWWWWWWWWWWWWWWWWWWWNEEEEEEEEEEEEEEEEEEEEEEEENWWWWWWWWWWWWWWWWWWWWWWWWNEEEEEEEEEEEEEEEEEEEEEEEE
197008 
1 25 
EEEEEEEEEEEEEEEEENWWWWWWWWWWWWWWWWWNEEEEEEEEEEEEEEEEENWWWWWWWWWWWWWWWWWNEEEEEEEEEEEEEEEEENWWWWWWWWWWWWWWWWWNEEEEEEEEEEEEEEEEENWWWWWWWWWWWWWWWWWNEEEEEEEEEEEEEEEEENWWWWWWWWWWWWWWWWWNEEEEEEEEEEEEEEEEENWWWWWWWWWWWWWWWWWNEEEEEEEEEEEEEEEEENWWWWWWWWWWWWWWWWWNEEEEEEEEEEEEEEEEENWWWWWWWWWWWWWWWWWNEEEEEEEEEEEEEEEEENWWWWWWWWWWWWWWWWWNEEEEEEEEEEEEEEEEENWWWWWWWWWWWWWWWWWNEEEEEEEEEEEEEEEEENWWWWWWWWWWWWWWWWWNEEEEEEEEEEEEEEEEENWWWWWWWWWWWWWWWWWNEEEEEEEEEEEEEEEEE
666578 
