1 13 
EEEEEEEEEEEENWWWWWWWWWWWWNEEEEEEEEEEEENWWWWWWWWWWWWNEEEEEEEEEEEENWWWWWWWWWWWWNEEEEEEEEEEEENWWWWWWWWWWWWNEEEEEEEEEEEENWWWWWWWWWWWWNEEEEEEEEEEEENWWWWWWWWWWWWNEEEEEEEEEEEE
17037 
1 14 
EEEEEEEEEENWWWWWWWWWWNEEEEEEEEEENWWWWWWWWWWNEEEEEEEEEENWWWWWWWWWWNEEEEEEEEEENWWWWWWWWWWNEEEEEEEEEENWWWWWWWWWWNEEEEEEEEEENWWWWWWWWWWNEEEEEEEEEENWWWWWWWWWW
16234 
1 13 
EEEEEEEEEEEENWWWWWWWWWWWWNEEEEEEEEEEEENWWWWWWWWWWWWNEEEEEEEEEEEENWWWWWWWWWWWWNEEEEEEEEEEEENWWWWWWWWWWWWNEEEEEEEEEEEENWWWWWWWWWWWWNEEEEEEEEEEEENWWWWWWWWWWWWNEEEEEEEEEEEE
16632 
1 15 
EEEENWWWWNEEEENWWWWNEEEENWWWWNEEEENWWWWNEEEENWWWWNEEEENWWWWNEEEENWWWWNEEEE
6568 
1 12 
EEEEENWWWWWNEEEEENWWWWWNEEEEENWWWWWNEEEEENWWWWWNEEEEENWWWWWNEEEEENWWWWW
7414 
